LED_processing.c:29:6:display7SEG_Pair1	16	static
LED_processing.c:140:6:display7SEG_Pair2	16	static
LED_processing.c:261:6:scanLED1	16	static
LED_processing.c:276:6:scanLED2	16	static
LED_processing.c:292:6:display_in_Pair	16	static
LED_processing.c:302:6:blinks_in_LED	16	static
LED_processing.c:309:6:RED_1	8	static
LED_processing.c:314:6:RED_2	8	static
LED_processing.c:319:6:GREEN_1	8	static
LED_processing.c:324:6:GREEN_2	8	static
LED_processing.c:329:6:YELLOW_1	8	static
LED_processing.c:334:6:YELLOW_2	8	static
LED_processing.c:339:6:TURN_OFF_ALL	8	static
