LED_processing.c:29:6:display7SEG_Pair1	16	static
LED_processing.c:140:6:display7SEG_Pair2	16	static
LED_processing.c:250:6:scanLED1	16	static
LED_processing.c:265:6:scanLED2	16	static
LED_processing.c:281:6:display_in_Pair	16	static
LED_processing.c:294:6:blinks_in_LED	16	static
LED_processing.c:304:6:RED_1	8	static
LED_processing.c:309:6:RED_2	8	static
LED_processing.c:314:6:GREEN_1	8	static
LED_processing.c:319:6:GREEN_2	8	static
LED_processing.c:324:6:YELLOW_1	8	static
LED_processing.c:329:6:YELLOW_2	8	static
LED_processing.c:334:6:TURN_OFF_ALL	8	static
